child	parent	xyzzy	foo	bar
a	b	c	d	e
b	c	d	d	f
g	f	e	d	c
d	h	y	e	w
