foreign_column	other_foreign_column	numeric_foreign_column
b	b	2
c	c	3
d	d	4
e	e	5
w	z	
f	f	6
g	g	7
h	h	8
i	i	9
